// Jest Snapshot v1, https://goo.gl/fbAQLP

exports[`ErrorLabel renders consistently 1`] = `
<div
  aria-hidden="false"
  className="form-group"
  id="error"
>
  <ul
    className="current-errors container"
  >
    <li
      data-selector="form-error"
    >
      error
    </li>
  </ul>
</div>
`;
