// Jest Snapshot v1, https://goo.gl/fbAQLP

exports[`<Wrap /> renders correctly 1`] = `
<div
  className="gel-wrap"
>
  <span>
    span
  </span>
</div>
`;
